[20:20:36.103] Interceptor-1 inicializado [DISPONIBLE]
[20:20:36.102] Interceptor-3 inicializado [DISPONIBLE]
[20:20:36.103] Interceptor-2 inicializado [DISPONIBLE]
[20:20:36.103] Simulación en curso...
[20:20:37.373] [PLAN] Procesando M-01 -> Depósito Militar | prio=25,42 | libre = 3
[20:20:37.373] [GEN] M-01 detectada -> Depósito Militar     | vida=9,7s | cola=1
[20:20:37.374] [PLAN] M-01 -> Interceptor-1
[20:20:37.381] Interceptor-1 INTERCEPTANDO M-01 -> Depósito Militar  (prio=25,42)
[20:20:38.193] Interceptor-1 RECARGANDO (4s)...
[20:20:38.414] [GEN] M-02 detectada -> Hospital Principal   | vida=6,6s | cola=1
[20:20:38.414] [PLAN] Procesando M-02 -> Hospital Principal | prio=51,34 | libre = 2
[20:20:38.415] [PLAN] M-02 -> Interceptor-1
[20:20:39.494] [GEN] M-03 detectada -> Aeropuerto Nacional  | vida=6,4s | cola=1
[20:20:39.494] [PLAN] Procesando M-03 -> Aeropuerto Nacional | prio=50,58 | libre = 1
[20:20:39.495] [PLAN] M-03 -> Interceptor-2
[20:20:39.495] Interceptor-2 INTERCEPTANDO M-03 -> Aeropuerto Nacional  (prio=50,58)
[20:20:40.297] Interceptor-2 RECARGANDO (4s)...
[20:20:40.667] [GEN] M-04 detectada -> Aeropuerto Nacional  | vida=8,1s | cola=1
[20:20:40.667] [PLAN] Procesando M-04 -> Aeropuerto Nacional | prio=50,58 | libre = 0
[20:20:41.782] [GEN] M-05 detectada -> Hospital Principal   | vida=10,9s | cola=1
[20:20:42.194] Interceptor-1 DISPONIBLE  [intercep=1]
[20:20:42.194] [PLAN] M-04 -> Interceptor-1
[20:20:42.195] Interceptor-1 INTERCEPTANDO M-02 -> Hospital Principal  (prio=51,34)
[20:20:42.195] [PLAN] Procesando M-05 -> Hospital Principal | prio=51,34 | libre = 0
[20:20:42.997] Interceptor-1 RECARGANDO (4s)...
[20:20:43.622] [GEN] M-06 detectada -> Hospital Principal   | vida=6,4s | cola=1
[20:20:44.298] Interceptor-2 DISPONIBLE  [intercep=1]
[20:20:44.298] [PLAN] M-05 -> Interceptor-2
[20:20:44.299] Interceptor-2 INTERCEPTANDO M-05 -> Hospital Principal  (prio=51,34)
[20:20:44.299] [PLAN] Procesando M-06 -> Hospital Principal | prio=51,34 | libre = 0
[20:20:44.778] [GEN] M-07 detectada -> Hospital Secundario  | vida=6,4s | cola=1
[20:20:45.101] Interceptor-2 RECARGANDO (4s)...
[20:20:46.641] [GEN] M-08 detectada -> Aeropuerto Nacional  | vida=5,0s | cola=2
[20:20:46.998] Interceptor-1 DISPONIBLE  [intercep=2]
[20:20:46.999] Interceptor-1 INTERCEPTANDO M-04 -> Aeropuerto Nacional  (prio=50,58)
[20:20:46.999] [PLAN] M-06 -> Interceptor-1
[20:20:47.000] [PLAN] Procesando M-08 -> Aeropuerto Nacional | prio=50,58 | libre = 0
[20:20:47.800] Interceptor-1 RECARGANDO (4s)...
[20:20:48.084] [GEN] M-09 detectada -> Aeropuerto Nacional  | vida=7,5s | cola=2
[20:20:49.104] Interceptor-2 DISPONIBLE  [intercep=2]
[20:20:49.104] [PLAN] M-08 -> Interceptor-2
[20:20:49.104] Interceptor-2 INTERCEPTANDO M-08 -> Aeropuerto Nacional  (prio=50,58)
[20:20:49.105] [PLAN] Procesando M-09 -> Aeropuerto Nacional | prio=50,58 | libre = 0
[20:20:49.906] Interceptor-2 RECARGANDO (4s)...
[20:20:49.949] [GEN] M-10 detectada -> Escuela Central      | vida=11,1s | cola=2
[20:20:49.953] [GEN] Generador finalizado — total=10
[20:20:51.801] Interceptor-1 DISPONIBLE  [intercep=3]
[20:20:51.801] [PLAN] M-09 -> Interceptor-1
[20:20:51.802] Interceptor-1 INTERCEPTANDO M-06 -> Hospital Principal  (prio=51,34)
[20:20:51.802] [PLAN] Limpieza: 1 amenazas inactivas removidas
[20:20:51.803] [PLAN] Procesando M-10 -> Escuela Central | prio=50,91 | libre = 0
[20:20:52.614] Interceptor-1 RECARGANDO (4s)...
[20:20:53.907] Interceptor-2 DISPONIBLE  [intercep=3]
[20:20:53.907] [PLAN] M-10 -> Interceptor-2
[20:20:53.907] Interceptor-2 INTERCEPTANDO M-10 -> Escuela Central  (prio=50,91)
[20:20:54.718] Interceptor-2 RECARGANDO (4s)...
[20:20:56.621] Interceptor-1 DISPONIBLE  [intercep=4]
[20:20:56.622] Interceptor-1 INTERCEPTANDO M-09 -> Aeropuerto Nacional  (prio=50,58)
[20:20:57.428] Interceptor-1 RECARGANDO (4s)...
[20:20:58.727] Interceptor-2 DISPONIBLE  [intercep=4]
[20:21:01.436] Interceptor-1 DISPONIBLE  [intercep=5]
[20:21:04.125] ════════════════════════════════════════════════════════════
[20:21:04.125]   REPORTE FINAL – Escenario: NORMAL
[20:21:04.125] ════════════════════════════════════════════════════════════
[20:21:04.126]   Zona                   Critic.  Detect.  Neutr.   Impact. 
[20:21:04.126]   ──────────────────────────────────────────────────────────
[20:21:04.126]   Hospital Principal     URGENTE  3        2        1       
[20:21:04.127]   Escuela Central        URGENTE  1        1        0       
[20:21:04.127]   Aeropuerto Nacional    URGENTE  4        3        1       
[20:21:04.127]   Depósito Militar       MEDIA    1        1        0       
[20:21:04.128]   Datacenter Norte       BAJA     0        0        0       
[20:21:04.128]   Hospital Secundario    BAJA     1        0        1       
[20:21:04.128]   ──────────────────────────────────────────────────────────
[20:21:04.129]   TOTALES                         10       7        3       
[20:21:04.129] 
  Tasa de éxito: 70,0%
[20:21:04.129]   Impactos:      3 / 10 amenazas
[20:21:04.130] 
  Interceptores:
[20:21:04.130]     Interceptor-1 -> 5 intercep.
[20:21:04.130]     Interceptor-2 -> 4 intercep.
[20:21:04.131]     Interceptor-3 -> 0 intercep.
[20:21:04.131] 
  Logs guardados en: logs/sim_normal.log
[20:21:04.131] ════════════════════════════════════════════════════════════
